<?php return array (
  0 => 'Symfony\\Bundle\\FrameworkBundle\\Controller\\AbstractController',
  1 => 'App\\Entity\\Callback',
  2 => 'App\\Entity\\Invoice',
  3 => 'Doctrine\\Bundle\\DoctrineBundle\\Controller\\ProfilerController',
  4 => 'Doctrine\\ORM\\Cache\\Persister\\Entity\\AbstractEntityPersister',
  5 => 'Doctrine\\ORM\\Cache\\Persister\\Entity\\CachedEntityPersister',
  6 => 'Doctrine\\ORM\\Cache\\Persister\\Entity\\NonStrictReadWriteCachedEntityPersister',
  7 => 'Doctrine\\ORM\\Cache\\Persister\\Entity\\ReadOnlyCachedEntityPersister',
  8 => 'Doctrine\\ORM\\Cache\\Persister\\Entity\\ReadWriteCachedEntityPersister',
  9 => 'Doctrine\\ORM\\Persisters\\Entity\\AbstractEntityInheritancePersister',
  10 => 'Doctrine\\ORM\\Persisters\\Entity\\BasicEntityPersister',
  11 => 'Doctrine\\ORM\\Persisters\\Entity\\CachedPersisterContext',
  12 => 'Doctrine\\ORM\\Persisters\\Entity\\EntityPersister',
  13 => 'Doctrine\\ORM\\Persisters\\Entity\\JoinedSubclassPersister',
  14 => 'Doctrine\\ORM\\Persisters\\Entity\\SingleTablePersister',
  15 => 'Sonata\\AdminBundle\\Controller\\CRUDController',
  16 => 'Sonata\\Doctrine\\Entity\\BaseEntityManager',
  18 => 'Symfony\\Bundle\\FrameworkBundle\\Controller\\ControllerResolver',
  19 => 'Symfony\\Bundle\\FrameworkBundle\\Controller\\RedirectController',
  20 => 'Symfony\\Bundle\\FrameworkBundle\\Controller\\TemplateController',
  21 => 'Symfony\\Bundle\\WebProfilerBundle\\Controller\\ExceptionPanelController',
  22 => 'Symfony\\Bundle\\WebProfilerBundle\\Controller\\ProfilerController',
  23 => 'Symfony\\Bundle\\WebProfilerBundle\\Controller\\RouterController',
  24 => 'Symfony\\Component\\HttpKernel\\Controller\\ArgumentResolver',
  25 => 'Symfony\\Component\\HttpKernel\\Controller\\ArgumentResolverInterface',
  26 => 'Symfony\\Component\\HttpKernel\\Controller\\ArgumentResolver\\BackedEnumValueResolver',
  27 => 'Symfony\\Component\\HttpKernel\\Controller\\ArgumentResolver\\DateTimeValueResolver',
  28 => 'Symfony\\Component\\HttpKernel\\Controller\\ArgumentResolver\\DefaultValueResolver',
  29 => 'Symfony\\Component\\HttpKernel\\Controller\\ArgumentResolver\\NotTaggedControllerValueResolver',
  30 => 'Symfony\\Component\\HttpKernel\\Controller\\ArgumentResolver\\QueryParameterValueResolver',
  31 => 'Symfony\\Component\\HttpKernel\\Controller\\ArgumentResolver\\RequestAttributeValueResolver',
  32 => 'Symfony\\Component\\HttpKernel\\Controller\\ArgumentResolver\\RequestPayloadValueResolver',
  33 => 'Symfony\\Component\\HttpKernel\\Controller\\ArgumentResolver\\RequestValueResolver',
  34 => 'Symfony\\Component\\HttpKernel\\Controller\\ArgumentResolver\\ServiceValueResolver',
  35 => 'Symfony\\Component\\HttpKernel\\Controller\\ArgumentResolver\\SessionValueResolver',
  36 => 'Symfony\\Component\\HttpKernel\\Controller\\ArgumentResolver\\TraceableValueResolver',
  37 => 'Symfony\\Component\\HttpKernel\\Controller\\ArgumentResolver\\UidValueResolver',
  38 => 'Symfony\\Component\\HttpKernel\\Controller\\ArgumentResolver\\VariadicValueResolver',
  39 => 'Symfony\\Component\\HttpKernel\\Controller\\ArgumentValueResolverInterface',
  40 => 'Symfony\\Component\\HttpKernel\\Controller\\ContainerControllerResolver',
  41 => 'Symfony\\Component\\HttpKernel\\Controller\\ControllerReference',
  42 => 'Symfony\\Component\\HttpKernel\\Controller\\ControllerResolver',
  43 => 'Symfony\\Component\\HttpKernel\\Controller\\ControllerResolverInterface',
  44 => 'Symfony\\Component\\HttpKernel\\Controller\\ErrorController',
  45 => 'Symfony\\Component\\HttpKernel\\Controller\\TraceableArgumentResolver',
  46 => 'Symfony\\Component\\HttpKernel\\Controller\\TraceableControllerResolver',
  47 => 'Symfony\\Component\\HttpKernel\\Controller\\ValueResolverInterface',
  48 => 'Symfony\\Component\\Security\\Http\\Controller\\SecurityTokenValueResolver',
  49 => 'Symfony\\Component\\Security\\Http\\Controller\\UserValueResolver',
);